2026-09-13 08:38:13.892 INFO  o.s.s.c.a.a.c.InitializeUserDetailsBeanManagerConfigurer$InitializeUserDetailsManagerConfigurer - Global AuthenticationManager configured with UserDetailsService bean with name userDetailsService
2026-09-13 08:38:14.137 INFO  o.s.b.h.a.H2ConsoleAutoConfiguration - H2 console available at '/h2-console'. Database available at 'jdbc:mysql://localhost:3306/bookshopping_db'
2026-09-13 08:38:14.159 INFO  o.a.coyote.http11.Http11NioProtocol - Starting ProtocolHandler ["http-nio-8085"]
2026-09-13 08:38:14.167 INFO  o.s.boot.tomcat.TomcatWebServer - Tomcat started on port 8085 (http) with context path '/'
2026-09-13 08:38:14.172 INFO  a.d.s.SpringProject14aprelApplication - Started SpringProject14aprelApplication in 2.511 seconds (process running for 205.41)
2026-09-13 08:38:14.173 WARN  o.s.c.events.SpringDocAppInitializer - SpringDoc g endpoint is enabled by default. To disable it in production, set the property 'springdoc.api-docs.enabled=false'
2026-09-13 08:38:14.175 WARN  o.s.c.events.SpringDocAppInitializer - SpringDoc /swagger-ui endpoint is enabled by default. To disable it in production, set the property 'springdoc.swagger-ui.enabled=false'
2026-09-13 08:38:14.177 INFO  o.s.b.d.a.ConditionEvaluationDeltaLoggingListener - Condition evaluation unchanged
2026-09-13 08:38:14.178 INFO  a.d.s.config.LogDemo - Sistem melumatlari ucun logging
2026-09-13 08:38:14.178 WARN  a.d.s.config.LogDemo - Xeberadarliq mesajlari ucun logging
2026-09-13 08:38:14.178 ERROR a.d.s.config.LogDemo - Kritik mesajlar ucun logging
2026-09-13 08:38:58.727 INFO  o.a.c.c.C.[Tomcat].[localhost].[/] - Initializing Spring DispatcherServlet 'dispatcherServlet'
2026-09-13 08:38:58.727 INFO  o.s.web.servlet.DispatcherServlet - Initializing Servlet 'dispatcherServlet'
2026-09-13 08:38:58.731 INFO  o.s.web.servlet.DispatcherServlet - Completed initialization in 4 ms
2026-09-13 08:39:57.465 WARN  o.s.w.s.m.m.a.ExceptionHandlerExceptionResolver - Resolved [az.developia.spring_project_14aprel.exception.UserNotFoundException: user already exists!]
2026-09-13 08:41:39.459 INFO  o.s.b.d.a.LocalDevToolsAutoConfiguration$RestartingClassPathChangeChangedEventListener - Restarting due to 1 class path change (0 additions, 0 deletions, 1 modification)
2026-09-13 08:41:39.463 INFO  o.s.boot.tomcat.GracefulShutdown - Commencing graceful shutdown. Waiting for active requests to complete
2026-09-13 08:41:39.465 INFO  o.a.coyote.http11.Http11NioProtocol - Pausing ProtocolHandler ["http-nio-8085"]
2026-09-13 08:41:39.475 INFO  o.s.boot.tomcat.GracefulShutdown - Graceful shutdown complete
2026-09-13 08:41:39.476 INFO  o.a.coyote.http11.Http11NioProtocol - Stopping ProtocolHandler ["http-nio-8085"]
2026-09-13 08:41:39.482 INFO  o.s.o.j.LocalContainerEntityManagerFactoryBean - Closing JPA EntityManagerFactory for persistence unit 'default'
2026-09-13 08:41:39.483 INFO  com.zaxxer.hikari.HikariDataSource - HikariPool-2 - Shutdown initiated...
2026-09-13 08:41:39.531 INFO  com.zaxxer.hikari.HikariDataSource - HikariPool-2 - Shutdown completed.
2026-09-13 08:41:39.677 INFO  a.d.s.SpringProject14aprelApplication - Starting SpringProject14aprelApplication using Java 21.0.8 with PID 13156 (C:\Github\14Aprel_group\codes\spring\spring-project-14aprel\target\classes started by User in C:\Github\14Aprel_group\codes\spring\spring-project-14aprel)
2026-09-13 08:41:39.679 INFO  a.d.s.SpringProject14aprelApplication - No active profile set, falling back to 1 default profile: "default"
2026-09-13 08:41:39.996 INFO  o.s.d.r.c.RepositoryConfigurationDelegate - Multiple Spring Data modules found, entering strict repository configuration mode
2026-09-13 08:41:39.996 INFO  o.s.d.r.c.RepositoryConfigurationDelegate - Bootstrapping Spring Data JPA repositories in DEFAULT mode.
2026-09-13 08:41:40.027 INFO  o.s.d.r.c.RepositoryConfigurationDelegate - Finished Spring Data repository scanning in 29 ms. Found 2 JPA repository interfaces.
2026-09-13 08:41:40.036 INFO  o.s.d.r.c.RepositoryConfigurationDelegate - Multiple Spring Data modules found, entering strict repository configuration mode
2026-09-13 08:41:40.037 INFO  o.s.d.r.c.RepositoryConfigurationDelegate - Bootstrapping Spring Data Redis repositories in DEFAULT mode.
2026-09-13 08:41:40.047 INFO  o.s.d.r.c.RepositoryConfigurationExtensionSupport - Spring Data Redis - Could not safely identify store assignment for repository candidate interface az.developia.spring_project_14aprel.repository.BookRepo; If you want this repository to be a Redis repository, consider annotating your entities with one of these annotations: org.springframework.data.redis.core.RedisHash (preferred), or consider extending one of the following types with your repository: org.springframework.data.keyvalue.repository.KeyValueRepository
2026-09-13 08:41:40.048 INFO  o.s.d.r.c.RepositoryConfigurationExtensionSupport - Spring Data Redis - Could not safely identify store assignment for repository candidate interface az.developia.spring_project_14aprel.repository.UserRepository; If you want this repository to be a Redis repository, consider annotating your entities with one of these annotations: org.springframework.data.redis.core.RedisHash (preferred), or consider extending one of the following types with your repository: org.springframework.data.keyvalue.repository.KeyValueRepository
2026-09-13 08:41:40.048 INFO  o.s.d.r.c.RepositoryConfigurationDelegate - Finished Spring Data repository scanning in 4 ms. Found 0 Redis repository interfaces.
2026-09-13 08:41:40.260 INFO  o.s.boot.tomcat.TomcatWebServer - Tomcat initialized with port 8085 (http)
2026-09-13 08:41:40.262 INFO  o.a.coyote.http11.Http11NioProtocol - Initializing ProtocolHandler ["http-nio-8085"]
2026-09-13 08:41:40.263 INFO  o.a.catalina.core.StandardService - Starting service [Tomcat]
2026-09-13 08:41:40.263 INFO  o.a.catalina.core.StandardEngine - Starting Servlet engine: [Apache Tomcat/11.0.21]
2026-09-13 08:41:40.314 INFO  o.s.b.w.c.s.WebApplicationContextInitializer - Root WebApplicationContext: initialization completed in 632 ms
2026-09-13 08:41:40.395 INFO  org.hibernate.orm.jpa - HHH008540: Processing PersistenceUnitInfo [name: default]
2026-09-13 08:41:40.429 INFO  o.s.o.j.p.SpringPersistenceUnitInfo - No LoadTimeWeaver setup: ignoring JPA class transformer
2026-09-13 08:41:40.431 INFO  com.zaxxer.hikari.HikariDataSource - HikariPool-3 - Starting...
2026-09-13 08:41:40.457 INFO  com.zaxxer.hikari.pool.HikariPool - HikariPool-3 - Added connection com.mysql.cj.jdbc.ConnectionImpl@5da636ec
2026-09-13 08:41:40.457 INFO  com.zaxxer.hikari.HikariDataSource - HikariPool-3 - Start completed.
2026-09-13 08:41:40.461 INFO  o.hibernate.orm.connections.pooling - HHH10001005: Database info:
	Database JDBC URL [jdbc:mysql://localhost:3306/bookshopping_db]
	Database driver: MySQL Connector/J
	Database dialect: MySQLDialect
	Database version: 8.0.43
	Default catalog/schema: bookshopping_db/undefined
	Autocommit mode: undefined/unknown
	Isolation level: REPEATABLE_READ [default REPEATABLE_READ]
	JDBC fetch size: none
	Pool: DataSourceConnectionProvider
	Minimum pool size: undefined/unknown
	Maximum pool size: undefined/unknown
2026-09-13 08:41:40.618 INFO  org.hibernate.orm.core - HHH000489: No JTA platform available (set 'hibernate.transaction.jta.platform' to enable JTA platform integration)
2026-09-13 08:41:40.650 INFO  o.s.o.j.LocalContainerEntityManagerFactoryBean - Initialized JPA EntityManagerFactory for persistence unit 'default'
2026-09-13 08:41:40.870 WARN  o.s.b.j.a.JpaBaseConfiguration$JpaWebConfiguration - spring.jpa.open-in-view is enabled by default. Therefore, database queries may be performed during view rendering. Explicitly configure spring.jpa.open-in-view to disable this warning
2026-09-13 08:41:40.925 INFO  o.s.s.c.a.a.c.InitializeUserDetailsBeanManagerConfigurer$InitializeUserDetailsManagerConfigurer - Global AuthenticationManager configured with UserDetailsService bean with name userDetailsService
2026-09-13 08:41:41.194 INFO  o.s.b.h.a.H2ConsoleAutoConfiguration - H2 console available at '/h2-console'. Database available at 'jdbc:mysql://localhost:3306/bookshopping_db'
2026-09-13 08:41:41.224 INFO  o.a.coyote.http11.Http11NioProtocol - Starting ProtocolHandler ["http-nio-8085"]
2026-09-13 08:41:41.229 INFO  o.s.boot.tomcat.TomcatWebServer - Tomcat started on port 8085 (http) with context path '/'
2026-09-13 08:41:41.233 INFO  a.d.s.SpringProject14aprelApplication - Started SpringProject14aprelApplication in 1.593 seconds (process running for 412.471)
2026-09-13 08:41:41.235 WARN  o.s.c.events.SpringDocAppInitializer - SpringDoc g endpoint is enabled by default. To disable it in production, set the property 'springdoc.api-docs.enabled=false'
2026-09-13 08:41:41.236 WARN  o.s.c.events.SpringDocAppInitializer - SpringDoc /swagger-ui endpoint is enabled by default. To disable it in production, set the property 'springdoc.swagger-ui.enabled=false'
2026-09-13 08:41:41.237 INFO  o.s.b.d.a.ConditionEvaluationDeltaLoggingListener - Condition evaluation unchanged
2026-09-13 08:41:41.239 INFO  a.d.s.config.LogDemo - Sistem melumatlari ucun logging
2026-09-13 08:41:41.239 WARN  a.d.s.config.LogDemo - Xeberadarliq mesajlari ucun logging
2026-09-13 08:41:41.239 ERROR a.d.s.config.LogDemo - Kritik mesajlar ucun logging
2026-09-13 08:41:42.657 INFO  o.s.b.d.a.LocalDevToolsAutoConfiguration$RestartingClassPathChangeChangedEventListener - Restarting due to 1 class path change (0 additions, 0 deletions, 1 modification)
2026-09-13 08:41:42.661 INFO  o.s.boot.tomcat.GracefulShutdown - Commencing graceful shutdown. Waiting for active requests to complete
2026-09-13 08:41:42.662 INFO  o.a.coyote.http11.Http11NioProtocol - Pausing ProtocolHandler ["http-nio-8085"]
2026-09-13 08:41:42.673 INFO  o.s.boot.tomcat.GracefulShutdown - Graceful shutdown complete
2026-09-13 08:41:42.674 INFO  o.a.coyote.http11.Http11NioProtocol - Stopping ProtocolHandler ["http-nio-8085"]
2026-09-13 08:41:42.680 INFO  o.s.o.j.LocalContainerEntityManagerFactoryBean - Closing JPA EntityManagerFactory for persistence unit 'default'
2026-09-13 08:41:42.681 INFO  com.zaxxer.hikari.HikariDataSource - HikariPool-3 - Shutdown initiated...
